app/api/auth/github/callback/route.ts(8,9): error TS6133: 'state' is declared but its value is never read.
app/api/auth/google/callback/route.ts(8,9): error TS6133: 'state' is declared but its value is never read.
app/api/auth/signup/route.ts(2,30): error TS7016: Could not find a declaration file for module 'uuid'. 'Z:/code/AI RESUME/node_modules/uuid/dist/esm-browser/index.js' implicitly has an 'any' type.
  Try `npm i --save-dev @types/uuid` if it exists or add a new declaration (.d.ts) file containing `declare module 'uuid';`
app/api/stripe/webhooks/route.ts(5,11): error TS6133: 'body' is declared but its value is never read.
app/builder/layout.tsx(1,1): error TS6133: 'Link' is declared but its value is never read.
app/builder/preview/page.tsx(4,10): error TS6133: 'FileText' is declared but its value is never read.
app/dashboard/page.tsx(3,10): error TS6133: 'LayoutGrid' is declared but its value is never read.
app/dashboard/page.tsx(3,45): error TS6133: 'Zap' is declared but its value is never read.
app/login/page.tsx(1,1): error TS6133: 'Link' is declared but its value is never read.
lib/auth.ts(38,5): error TS2353: Object literal may only specify known properties, and 'signUp' does not exist in type 'Partial<PagesOptions>'.
lib/auth.ts(49,22): error TS2339: Property 'id' does not exist on type '{ name?: string | null | undefined; email?: string | null | undefined; image?: string | null | undefined; }'.
lib/hooks-dom.ts(17,39): error TS2686: 'React' refers to a UMD global, but the current file is a module. Consider adding an import instead.
lib/hooks-dom.ts(38,37): error TS2686: 'React' refers to a UMD global, but the current file is a module. Consider adding an import instead.
lib/hooks.ts(45,31): error TS7030: Not all code paths return a value.
lib/hooks.ts(65,6): error TS2554: Expected 0-1 arguments, but got 2.
lib/hooks.ts(79,6): error TS2554: Expected 0-1 arguments, but got 2.
lib/hooks.ts(89,6): error TS2554: Expected 0-1 arguments, but got 2.
lib/pdf.ts(4,58): error TS6133: 'fileName' is declared but its value is never read.
lib/stripe.ts(5,3): error TS2322: Type '"2023-10-16"' is not assignable to type '"2023-08-16"'.
lib/stripe.ts(42,21): error TS2339: Property 'stripe_price_id' does not exist on type '{ name: string; price: number; resumes_per_month: number; features: string[]; } | { name: string; price: number; resumes_per_month: number; stripe_price_id: string | undefined; features: string[]; } | { ...; }'.
  Property 'stripe_price_id' does not exist on type '{ name: string; price: number; resumes_per_month: number; features: string[]; }'.
lib/utils.ts(59,18): error TS2683: 'this' implicitly has type 'any' because it does not have a type annotation.
